// Jest Snapshot v1, https://goo.gl/fbAQLP

exports[`Introduction renders correctly 1`] = `undefined`;
