// Jest Snapshot v1, https://goo.gl/fbAQLP

exports[`Label renders correctly 1`] = `
<div>
  <label>
    <h1>
      Word
    </h1>
  </label>
</div>
`;
