// Jest Snapshot v1, https://goo.gl/fbAQLP

exports[`HomePage renders correctly 1`] = `
<div
  className="application makeStyles-grow-2"
>
  <div
    className="makeStyles-grow-5"
  >
    <div
      className="header makeStyles-grow-9"
    >
      <header
        className="MuiPaper-root MuiPaper-elevation4 MuiAppBar-root MuiAppBar-positionStatic MuiAppBar-colorPrimary"
      >
        <div
          className="MuiToolbar-root MuiToolbar-regular MuiToolbar-gutters"
        >
          <button
            aria-label="Open drawer"
            className="MuiButtonBase-root MuiIconButton-root MuiIconButton-colorInherit MuiIconButton-edgeStart makeStyles-menuButton-10"
            disabled={false}
            onBlur={[Function]}
            onFocus={[Function]}
            onKeyDown={[Function]}
            onKeyUp={[Function]}
            onMouseDown={[Function]}
            onMouseLeave={[Function]}
            onMouseUp={[Function]}
            onTouchEnd={[Function]}
            onTouchMove={[Function]}
            onTouchStart={[Function]}
            tabIndex="0"
            type="button"
          >
            <span
              className="MuiIconButton-label"
            >
              <svg
                aria-hidden="true"
                className="MuiSvgIcon-root"
                focusable="false"
                role="presentation"
                viewBox="0 0 24 24"
              >
                <path
                  d="M0 0h24v24H0z"
                  fill="none"
                />
                <path
                  d="M3 18h18v-2H3v2zm0-5h18v-2H3v2zm0-7v2h18V6H3z"
                />
              </svg>
            </span>
          </button>
          <h6
            className="MuiTypography-root MuiTypography-h6 MuiTypography-colorInherit MuiTypography-noWrap makeStyles-titleStyle-12"
          >
            title
          </h6>
          <div
            className="makeStyles-grow-9"
          />
          <div
            className="makeStyles-sectionDesktop-14"
          />
          <div
            className="makeStyles-sectionMobile-15"
          />
        </div>
      </header>
    </div>
  </div>
  <div />
  <h1>
    This is the Home page
  </h1>
  <img
    alt="duyonoStonePng"
    src="test-file-stub"
  />
</div>
`;
