// Jest Snapshot v1, https://goo.gl/fbAQLP

exports[`App should render 1`] = `
<div>
  <div>
    <div />
    <nav>
      <a
        href="/"
      >
        HomePage
      </a>
      <a
        href="/page2/"
      >
        SecondPage
      </a>
      <a
        href="/page3/"
      >
        ThirdPage
      </a>
    </nav>
    <div
      class="makeStyles-grow-2"
    >
      <div
        class="header makeStyles-grow-6"
        data-cy="header"
      >
        <header
          class="MuiPaper-root MuiAppBar-root MuiAppBar-positionStatic MuiAppBar-colorPrimary MuiPaper-elevation4"
        >
          <div
            class="MuiToolbar-root MuiToolbar-regular MuiToolbar-gutters"
          >
            <button
              aria-label="Open drawer"
              class="MuiButtonBase-root MuiIconButton-root makeStyles-menuButton-7 MuiIconButton-colorInherit MuiIconButton-edgeStart"
              tabindex="0"
              type="button"
            >
              <span
                class="MuiIconButton-label"
              >
                <svg
                  aria-hidden="true"
                  class="MuiSvgIcon-root"
                  focusable="false"
                  viewBox="0 0 24 24"
                >
                  <path
                    d="M3 18h18v-2H3v2zm0-5h18v-2H3v2zm0-7v2h18V6H3z"
                  />
                </svg>
              </span>
              <span
                class="MuiTouchRipple-root"
              />
            </button>
            <h6
              class="MuiTypography-root makeStyles-titleStyle-9 MuiTypography-h6 MuiTypography-colorInherit MuiTypography-noWrap"
            >
              title
            </h6>
            <div
              class="makeStyles-grow-6"
            />
            <div
              class="makeStyles-sectionDesktop-11"
            />
            <div
              class="makeStyles-sectionMobile-12"
            />
          </div>
        </header>
      </div>
      Loading Base ...
      <div />
      <h1>
        This is the Home page
      </h1>
      <img
        alt="duyonoStonePng"
        src="test-file-stub"
      />
    </div>
    <div>
      <h1>
        My Custom React app
      </h1>
    </div>
  </div>
</div>
`;
