// Jest Snapshot v1, https://goo.gl/fbAQLP

exports[`HeadModifier should render 1`] = `<div />`;
