// Jest Snapshot v1, https://goo.gl/fbAQLP

exports[`Layout1 renders correctly 1`] = `undefined`;
